ARM Linker, RVCT3.0 [Build 934] for uVision [Full]

================================================================================

Section Cross References

    startup.o(STACK) refers (Special) to stkheap2.o(.text) for __use_two_region_memory
    startup.o(HEAP) refers (Special) to stkheap2.o(.text) for __use_two_region_memory
    startup.o(RESET) refers to startup.o(STACK) for Stack_Top
    startup.o(RESET) refers to __main.o(!!!main) for __main
    startup.o(RESET) refers (Special) to stkheap2.o(.text) for __use_two_region_memory
    startup.o(.text) refers to startup.o(HEAP) for Heap_Mem
    startup.o(.text) refers to startup.o(STACK) for Stack_Mem
    startup.o(.text) refers (Special) to stkheap2.o(.text) for __use_two_region_memory
    adc.o(.text) refers to aeabi_sdiv.o(.text_udiv) for __aeabi_uidivmod
    adc.o(.text) refers to dflt_noclz.o(x$fpl$dfltu) for __aeabi_ui2d
    adc.o(.text) refers to ddiv.o(x$fpl$ddiv) for __aeabi_ddiv
    adc.o(.text) refers to dfixu.o(x$fpl$dfixu) for __aeabi_d2uiz
    adc.o(.text) refers to adc.o(.data) for t
    aeabi_sdiv.o(.text) refers to aeabi_idiv0.o(.text) for __aeabi_idiv0
    aeabi_sdiv.o(.text_udiv) refers to aeabi_sdiv.o(.text) for __arm_div4
    divrt_7tdmi.o(x$divrt) refers to aeabi_idiv0.o(.text) for __aeabi_idiv0
    stkheap2.o(.text) refers to sys_stackheap_outer.o(.text) for __user_setup_stackheap
    stkheap2.o(.text) refers to rt_stackheap_storage_intlibspace.o(.text) for __rt_stackheap_storage
    __main.o(!!!main) refers to kernel.o(.text) for __rt_entry
    ddiv.o(x$fpl$drdiv) refers to ddiv.o(x$fpl$ddiv) for ddiv_entry
    ddiv.o(x$fpl$drdiv) refers (Special) to usenofp.o(x$fpl$usenofp) for __I_use_fp
    ddiv.o(x$fpl$drdiv) refers (Special) to dunder.o(x$fpl$dunder) for __dunder
    ddiv.o(x$fpl$ddiv) refers to dcheck.o(x$fpl$dcheck) for __fpl_dcheck_NaN2
    ddiv.o(x$fpl$ddiv) refers (Special) to usenofp.o(x$fpl$usenofp) for __I_use_fp
    ddiv.o(x$fpl$ddiv) refers (Special) to dunder.o(x$fpl$dunder) for __dunder
    dfixu.o(x$fpl$dfixu) refers to dcheck1.o(x$fpl$dcheck1) for __fpl_dcheck_NaN1
    dfixu.o(x$fpl$dfixu) refers (Special) to usenofp.o(x$fpl$usenofp) for __I_use_fp
    dfixu.o(x$fpl$dfixur) refers to dcheck1.o(x$fpl$dcheck1) for __fpl_dcheck_NaN1
    dfixu.o(x$fpl$dfixur) refers (Special) to usenofp.o(x$fpl$usenofp) for __I_use_fp
    dflt_noclz.o(x$fpl$dfltu) refers to dflt_noclz.o(x$fpl$dflt) for __dflt_normalise
    dflt_noclz.o(x$fpl$dfltu) refers (Special) to usenofp.o(x$fpl$usenofp) for __I_use_fp
    dflt_noclz.o(x$fpl$dflt) refers (Special) to usenofp.o(x$fpl$usenofp) for __I_use_fp
    kernel.o(.text) refers to boardinit1.o(.text) for _platform_pre_stackheap_init
    kernel.o(.text) refers to stkheap2.o(.text) for __rt_stackheap_init
    kernel.o(.text) refers to boardinit2.o(.text) for _platform_post_stackheap_init
    kernel.o(.text) refers to lib_init.o(.text) for __rt_lib_init
    kernel.o(.text) refers to boardinit3.o(.text) for _platform_post_lib_init
    kernel.o(.text) refers to exit.o(.text) for exit
    kernel.o(.text) refers to adc.o(.text) for main
    kernel.o(.text) refers to boardshut.o(.text) for _platform_pre_lib_shutdown
    kernel.o(.text) refers to sys_exit.o(.text) for _sys_exit
    kernel.o(.ARM.exidx) refers to kernel.o(.text) for __rt_entry
    sys_stackheap_outer.o(.text) refers to libspace.o(.text) for __user_perproc_libspace
    sys_stackheap_outer.o(.text) refers to startup.o(.text) for __user_initial_stackheap
    aeabi_idiv0_sigfpe.o(.text) refers to rt_div0.o(.text) for __rt_div0
    rt_stackheap_storage.o(.text) refers to rt_stackheap_storage.o(.bss) for __rt_stackheap_storage_data
    rt_stackheap_storage_intlibspace.o(.text) refers (Weak) to libspace.o(.bss) for __libspace_start
    rt_stackheap_storage_onelibspace.o(.text) refers (Weak) to libspace.o(.text) for __user_libspace
    rt_stackheap_storage_twolibspace.o(.text) refers (Weak) to libspace.o(.text) for __user_perproc_libspace
    dcheck.o(x$fpl$dcheck) refers to retnan.o(x$fpl$retnan) for __fpl_return_NaN
    dcheck.o(x$fpl$dcheck) refers (Special) to usenofp.o(x$fpl$usenofp) for __I_use_fp
    dcheck1.o(x$fpl$dcheck1) refers to retnan.o(x$fpl$retnan) for __fpl_return_NaN
    dcheck1.o(x$fpl$dcheck1) refers (Special) to usenofp.o(x$fpl$usenofp) for __I_use_fp
    dunder.o(x$fpl$dunder) refers (Special) to usenofp.o(x$fpl$usenofp) for __I_use_fp
    sys_exit.o(.text) refers to use_no_semi.o(.text) for __I_use_semihosting
    libspace.o(.text) refers to libspace.o(.bss) for __libspace_start
    rt_div0.o(.text) refers to defsig_fpe_outer.o(.text) for __rt_SIGFPE
    exit.o(.text) refers to kernel.o(.text) for __rt_exit
    stkheap1.o(.text) refers to sys_stackheap_outer.o(.text) for __user_setup_stackheap
    stkheap1.o(.text) refers to rt_stackheap_storage_intlibspace.o(.text) for __rt_stackheap_storage
    stkheap1sc.o(.text) refers to sys_stackheap_outer.o(.text) for __user_setup_stackheap
    stkheap1sc.o(.text) refers to rt_stackheap_storage_intlibspace.o(.text) for __rt_stackheap_storage
    stkheap1sc.o(.text) refers to stkovf.o(.text) for __stack_overflow
    stkheap1sc.o(.text) refers to kernel.o(.text) for __rt_exit
    stkheap1sc.o(.text) refers to sys_exit.o(.text) for _sys_exit
    stkheap1sc.o(.text) refers to stacklimit.o(.bss) for __stack_limit
    stkheap1scss.o(.text) refers to sys_stackheap_outer.o(.text) for __user_setup_stackheap
    stkheap1scss.o(.text) refers to rt_stackheap_storage_intlibspace.o(.text) for __rt_stackheap_storage
    stkheap1scss.o(.text) refers to stack_cleanup.o(.text) for __user_stack_cleanup_space
    stkheap1scss.o(.text) refers to stkovf.o(.text) for __stack_overflow
    stkheap1scss.o(.text) refers to kernel.o(.text) for __rt_exit
    stkheap1scss.o(.text) refers to sys_exit.o(.text) for _sys_exit
    stkheap1scss.o(.text) refers to stacklimit.o(.bss) for __stack_limit
    stkheap2sc.o(.text) refers to sys_stackheap_outer.o(.text) for __user_setup_stackheap
    stkheap2sc.o(.text) refers to rt_stackheap_storage_intlibspace.o(.text) for __rt_stackheap_storage
    stkheap2sc.o(.text) refers to stkovf.o(.text) for __stack_overflow
    stkheap2sc.o(.text) refers to kernel.o(.text) for __rt_exit
    stkheap2sc.o(.text) refers to sys_exit.o(.text) for _sys_exit
    stkheap2sc.o(.text) refers to stacklimit.o(.bss) for __stack_limit
    stkheap2scss.o(.text) refers to sys_stackheap_outer.o(.text) for __user_setup_stackheap
    stkheap2scss.o(.text) refers to rt_stackheap_storage_intlibspace.o(.text) for __rt_stackheap_storage
    stkheap2scss.o(.text) refers to stack_cleanup.o(.text) for __user_stack_cleanup_space
    stkheap2scss.o(.text) refers to stkovf.o(.text) for __stack_overflow
    stkheap2scss.o(.text) refers to kernel.o(.text) for __rt_exit
    stkheap2scss.o(.text) refers to sys_exit.o(.text) for _sys_exit
    stkheap2scss.o(.text) refers to stacklimit.o(.bss) for __stack_limit
    lib_init.o(.emb_text) refers to no_argv.o(.text) for __ARM_get_argv
    lib_init.o(.text) refers to fpinit.o(x$fpl$fpinit) for _fp_init
    lib_init.o(.text) refers to lib_init.o(.emb_text) for __ARM_argv_veneer
    lib_init.o(.text) refers to rt_locale_intlibspace.o(.text) for __rt_locale
    boardinit3.o(.text) refers to cpuinit.o(.text) for _cpu_pre_main
    retnan.o(x$fpl$retnan) refers to trapv.o(x$fpl$trapveneer) for __fpl_cmpreturn
    retnan.o(x$fpl$retnan) refers (Special) to usenofp.o(x$fpl$usenofp) for __I_use_fp
    rt_locale.o(.text) refers to rt_locale.o(.bss) for __rt_locale_data
    rt_locale_intlibspace.o(.text) refers (Weak) to libspace.o(.bss) for __libspace_start
    rt_locale_onelibspace.o(.text) refers (Weak) to libspace.o(.text) for __user_libspace
    rt_locale_twolibspace.o(.text) refers (Weak) to libspace.o(.text) for __user_perproc_libspace
    defsig_fpe_outer.o(.text) refers to defsig_fpe_inner.o(.text) for __rt_SIGFPE_inner
    defsig_fpe_outer.o(.text) refers to defsig_exit.o(.text) for __sig_exit
    defsig_fpe_formal.o(.text) refers to rt_raise.o(.text) for __rt_raise
    stkovf.o(.text) refers to defsig_stak_outer.o(.text) for __rt_SIGSTAK
    _get_argv.o(.text) refers to heapext.o(.text) for __heap_extend
    _get_argv.o(.text) refers to defsig_rtmem_outer.o(.text) for __rt_SIGRTMEM
    _get_argv.o(.text) refers to sys_command.o(.text) for _sys_command_string
    _get_argv.o(.text) refers (Special) to hrguard.o(.text) for __heap_region_guard
    trapv.o(x$fpl$trapveneer) refers (Special) to usenofp.o(x$fpl$usenofp) for __I_use_fp
    fpinit.o(x$fpl$fpinit) refers to rt_fp_status_addr_intlibspace.o(.text) for __rt_fp_status_addr
    sys_command.o(.text) refers (Special) to use_no_semi.o(.text) for __I_use_semihosting
    rt_raise.o(.text) refers to __raise.o(.text) for __raise
    rt_raise.o(.text) refers to sys_exit.o(.text) for _sys_exit
    rt_fp_status_addr.o(.text) refers to rt_fp_status_addr.o(.bss) for __rt_fp_status_addr_data
    rt_fp_status_addr_intlibspace.o(.text) refers (Weak) to libspace.o(.bss) for __libspace_start
    rt_fp_status_addr_onelibspace.o(.text) refers (Weak) to libspace.o(.text) for __user_libspace
    rt_fp_status_addr_twolibspace.o(.text) refers (Weak) to libspace.o(.text) for __user_perthread_libspace
    defsig_exit.o(.text) refers to sys_exit.o(.text) for _sys_exit
    defsig_fpe_inner.o(.text) refers to defsig_general.o(.text) for __default_signal_display
    defsig_rtmem_outer.o(.text) refers to defsig_rtmem_inner.o(.text) for __rt_SIGRTMEM_inner
    defsig_rtmem_outer.o(.text) refers to defsig_exit.o(.text) for __sig_exit
    defsig_rtmem_formal.o(.text) refers to rt_raise.o(.text) for __rt_raise
    defsig_stak_outer.o(.text) refers to defsig_stak_inner.o(.text) for __rt_SIGSTAK_inner
    defsig_stak_outer.o(.text) refers to defsig_exit.o(.text) for __sig_exit
    defsig_stak_formal.o(.text) refers to rt_raise.o(.text) for __rt_raise
    heapext.o(.text) refers to stkheap2.o(.text) for __rt_heap_extend
    __raise.o(.text) refers to defsig.o(CL$$defsig) for __default_signal_handler
    __raise.o(.text) refers to callvia.o(.text) for __ARM_call_via_r2
    defsig_general.o(.text) refers to sys_wrch.o(.text) for _ttywrch
    defsig_rtmem_inner.o(.text) refers to defsig_general.o(.text) for __default_signal_display
    defsig_stak_inner.o(.text) refers to defsig_general.o(.text) for __default_signal_display
    sys_wrch.o(.text) refers (Special) to use_no_semi.o(.text) for __I_use_semihosting
    defsig.o(CL$$defsig) refers (Weak) to defsig_fpe_inner.o(.text) for __rt_SIGFPE_inner
    defsig.o(CL$$defsig) refers (Weak) to defsig_stak_inner.o(.text) for __rt_SIGSTAK_inner
    defsig.o(CL$$defsig) refers (Weak) to defsig_rtmem_inner.o(.text) for __rt_SIGRTMEM_inner


================================================================================

Adding Veneers to the image

    Adding AT veneer (8 bytes, Inline) for call to '__rt_lib_init' from kernel.o(.text).
    Adding AT veneer (12 bytes, Long) for call to '__rt_lib_shutdown' from kernel.o(.text).
    Adding TA veneer (8 bytes, Short) for call to '__rt_exit' from exit.o(.text).
    Adding TA veneer (4 bytes, Inline) for call to '_fp_init' from lib_init.o(.text).
    Adding TA veneer (4 bytes, Inline) for call to '__ARM_argv_veneer' from lib_init.o(.text).
    Adding TA veneer (4 bytes, Inline) for call to '__rt_locale' from lib_init.o(.text).

6 Veneer(s) (total 40 bytes) added to the image.

================================================================================

Image Symbol Table

    Local Symbols

    Symbol Name                              Value     Ov Type        Size  Object(Section)

    ../../angel/boardlib.s                   0x00000000   Number         0  boardinit3.o ABSOLUTE
    ../../angel/boardlib.s                   0x00000000   Number         0  boardinit1.o ABSOLUTE
    ../../angel/boardlib.s                   0x00000000   Number         0  boardshut.o ABSOLUTE
    ../../angel/boardlib.s                   0x00000000   Number         0  boardinit2.o ABSOLUTE
    ../../angel/boardlib.s                   0x00000000   Number         0  cpuinit.o ABSOLUTE
    ../../angel/handlers.s                   0x00000000   Number         0  __scatter_copy.o ABSOLUTE
    ../../angel/handlers.s                   0x00000000   Number         0  __scatter_zi.o ABSOLUTE
    ../../angel/kernel.s                     0x00000000   Number         0  kernel.o ABSOLUTE
    ../../angel/rt.s                         0x00000000   Number         0  rt_fp_status_addr_onelibspace.o ABSOLUTE
    ../../angel/rt.s                         0x00000000   Number         0  rt_locale_onelibspace.o ABSOLUTE
    ../../angel/rt.s                         0x00000000   Number         0  aeabi_idiv0.o ABSOLUTE
    ../../angel/rt.s                         0x00000000   Number         0  rt_div0.o ABSOLUTE
    ../../angel/rt.s                         0x00000000   Number         0  rt_raise.o ABSOLUTE
    ../../angel/rt.s                         0x00000000   Number         0  rt_stackheap_storage_twolibspace.o ABSOLUTE
    ../../angel/rt.s                         0x00000000   Number         0  rt_stackheap_storage.o ABSOLUTE
    ../../angel/rt.s                         0x00000000   Number         0  aeabi_idiv0_sigfpe.o ABSOLUTE
    ../../angel/rt.s                         0x00000000   Number         0  rt_fp_status_addr.o ABSOLUTE
    ../../angel/rt.s                         0x00000000   Number         0  rt_locale_twolibspace.o ABSOLUTE
    ../../angel/rt.s                         0x00000000   Number         0  rt_locale_intlibspace.o ABSOLUTE
    ../../angel/rt.s                         0x00000000   Number         0  rt_stackheap_storage_onelibspace.o ABSOLUTE
    ../../angel/rt.s                         0x00000000   Number         0  rt_fp_status_addr_twolibspace.o ABSOLUTE
    ../../angel/rt.s                         0x00000000   Number         0  rt_locale.o ABSOLUTE
    ../../angel/rt.s                         0x00000000   Number         0  rt_fp_status_addr_intlibspace.o ABSOLUTE
    ../../angel/rt.s                         0x00000000   Number         0  stack_cleanup.o ABSOLUTE
    ../../angel/rt.s                         0x00000000   Number         0  rt_stackheap_storage_intlibspace.o ABSOLUTE
    ../../angel/scatter.s                    0x00000000   Number         0  __scatter.o ABSOLUTE
    ../../angel/startup.s                    0x00000000   Number         0  __main.o ABSOLUTE
    ../../angel/sys.s                        0x00000000   Number         0  libspace.o ABSOLUTE
    ../../angel/sys.s                        0x00000000   Number         0  sys_exit.o ABSOLUTE
    ../../angel/sys.s                        0x00000000   Number         0  sys_stackheap_outer.o ABSOLUTE
    ../../angel/sys.s                        0x00000000   Number         0  use_no_semi.o ABSOLUTE
    ../../angel/sysapp.c                     0x00000000   Number         0  sys_wrch.o ABSOLUTE
    ../../angel/sysapp.c                     0x00000000   Number         0  sys_command.o ABSOLUTE
    ../../armsys.c                           0x00000000   Number         0  lib_init.o ABSOLUTE
    ../../armsys.c                           0x00000000   Number         0  _get_argv.o ABSOLUTE
    ../../armsys.c                           0x00000000   Number         0  no_argv.o ABSOLUTE
    ../../armsys.c                           0x00000000   Number         0  lib_init.o ABSOLUTE
    ../../dcheck.s                           0x00000000   Number         0  dcheck.o ABSOLUTE
    ../../dcheck1.s                          0x00000000   Number         0  dcheck1.o ABSOLUTE
    ../../ddiv.s                             0x00000000   Number         0  ddiv.o ABSOLUTE
    ../../dfixu.s                            0x00000000   Number         0  dfixu.o ABSOLUTE
    ../../dflt.s                             0x00000000   Number         0  dflt_noclz.o ABSOLUTE
    ../../division.s                         0x00000000   Number         0  aeabi_sdiv.o ABSOLUTE
    ../../divrt.s                            0x00000000   Number         0  divrt_7tdmi.o ABSOLUTE
    ../../dunder.s                           0x00000000   Number         0  dunder.o ABSOLUTE
    ../../fpinit.s                           0x00000000   Number         0  fpinit.o ABSOLUTE
    ../../heapalloc.c                        0x00000000   Number         0  hrguard.o ABSOLUTE
    ../../retnan.s                           0x00000000   Number         0  retnan.o ABSOLUTE
    ../../signal.c                           0x00000000   Number         0  defsig_rtmem_formal.o ABSOLUTE
    ../../signal.c                           0x00000000   Number         0  defsig_exit.o ABSOLUTE
    ../../signal.c                           0x00000000   Number         0  defsig_rtmem_inner.o ABSOLUTE
    ../../signal.c                           0x00000000   Number         0  defsig_fpe_formal.o ABSOLUTE
    ../../signal.c                           0x00000000   Number         0  defsig_rtmem_outer.o ABSOLUTE
    ../../signal.c                           0x00000000   Number         0  defsig_stak_inner.o ABSOLUTE
    ../../signal.c                           0x00000000   Number         0  defsig_general.o ABSOLUTE
    ../../signal.c                           0x00000000   Number         0  defsig_fpe_inner.o ABSOLUTE
    ../../signal.c                           0x00000000   Number         0  defsig_fpe_outer.o ABSOLUTE
    ../../signal.c                           0x00000000   Number         0  __raise.o ABSOLUTE
    ../../signal.c                           0x00000000   Number         0  defsig_stak_outer.o ABSOLUTE
    ../../signal.c                           0x00000000   Number         0  defsig_stak_formal.o ABSOLUTE
    ../../signal.s                           0x00000000   Number         0  defsig.o ABSOLUTE
    ../../stdlib.c                           0x00000000   Number         0  exit.o ABSOLUTE
    ../../stkheap.s                          0x00000000   Number         0  heapext.o ABSOLUTE
    ../../stkheap.s                          0x00000000   Number         0  stacklimit.o ABSOLUTE
    ../../stkheap.s                          0x00000000   Number         0  stkovf.o ABSOLUTE
    ../../stkheap1.s                         0x00000000   Number         0  stkheap1sc.o ABSOLUTE
    ../../stkheap1.s                         0x00000000   Number         0  stkheap1scss.o ABSOLUTE
    ../../stkheap1.s                         0x00000000   Number         0  stkheap1.o ABSOLUTE
    ../../stkheap2.s                         0x00000000   Number         0  stkheap2scss.o ABSOLUTE
    ../../stkheap2.s                         0x00000000   Number         0  stkheap2.o ABSOLUTE
    ../../stkheap2.s                         0x00000000   Number         0  stkheap2sc.o ABSOLUTE
    ../../trapv.s                            0x00000000   Number         0  trapv.o ABSOLUTE
    ../../unhosted.s                         0x00000000   Number         0  callvia.o ABSOLUTE
    ../../usenofp.s                          0x00000000   Number         0  usenofp.o ABSOLUTE
    Startup.s                                0x00000000   Number         0  startup.o ABSOLUTE
    adc.c                                    0x00000000   Number         0  adc.o ABSOLUTE
    dc.s                                     0x00000000   Number         0  dc.o ABSOLUTE
    RESET                                    0x00000000   Section      272  startup.o(RESET)
    Undef_Handler                            0x00000040   ARM Code       4  startup.o(RESET)
    SWI_Handler                              0x00000044   ARM Code       4  startup.o(RESET)
    PAbt_Handler                             0x00000048   ARM Code       4  startup.o(RESET)
    DAbt_Handler                             0x0000004c   ARM Code       4  startup.o(RESET)
    IRQ_Handler                              0x00000050   ARM Code       4  startup.o(RESET)
    FIQ_Handler                              0x00000054   ARM Code       4  startup.o(RESET)
    !!!main                                  0x00000110   Section        8  __main.o(!!!main)
    !!!scatter                               0x00000118   Section       56  __scatter.o(!!!scatter)
    !!handler_copy                           0x00000150   Section       40  __scatter_copy.o(!!handler_copy)
    !!handler_zi                             0x00000178   Section       44  __scatter_zi.o(!!handler_zi)
    .emb_text                                0x000001a8   Section       16  lib_init.o(.emb_text)
    .text                                    0x000001b8   Section       32  startup.o(.text)
    .text                                    0x000001d8   Section      916  adc.o(.text)
    .text                                    0x0000056c   Section      364  aeabi_sdiv.o(.text)
    __arm_div8                               0x00000598   ARM Code       0  aeabi_sdiv.o(.text)
    __arm_div4                               0x000005c8   ARM Code       0  aeabi_sdiv.o(.text)
    __arm_div_large                          0x0000061c   ARM Code       0  aeabi_sdiv.o(.text)
    .text                                    0x000006d8   Section       88  stkheap2.o(.text)
    .text                                    0x00000730   Section      104  kernel.o(.text)
    .text                                    0x00000798   Section       96  sys_stackheap_outer.o(.text)
    .text                                    0x000007f8   Section        4  aeabi_idiv0.o(.text)
    .text                                    0x000007fc   Section       16  rt_stackheap_storage_intlibspace.o(.text)
    .text                                    0x0000080c   Section       24  sys_exit.o(.text)
    .text                                    0x00000824   Section       12  libspace.o(.text)
    .text                                    0x00000830   Section       24  exit.o(.text)
    .text                                    0x00000850   Section      214  lib_init.o(.text)
    .text                                    0x00000928   Section        4  boardinit1.o(.text)
    .text                                    0x0000092c   Section       12  boardinit2.o(.text)
    .text                                    0x00000938   Section       16  boardinit3.o(.text)
    .text                                    0x00000948   Section        4  boardshut.o(.text)
    .text                                    0x0000094c   Section        4  use_no_semi.o(.text)
    .text                                    0x00000954   Section       16  rt_locale_intlibspace.o(.text)
    .text                                    0x00000964   Section        4  cpuinit.o(.text)
    .text                                    0x00000968   Section        6  no_argv.o(.text)
    .text                                    0x00000970   Section       16  rt_fp_status_addr_intlibspace.o(.text)
    .text_udiv                               0x00000980   Section       28  aeabi_sdiv.o(.text_udiv)
    x$fpl$dcheck                             0x000009b0   Section       16  dcheck.o(x$fpl$dcheck)
    x$fpl$dcheck1                            0x000009c0   Section       16  dcheck1.o(x$fpl$dcheck1)
    x$fpl$ddiv                               0x000009d0   Section     1216  ddiv.o(x$fpl$ddiv)
    ddiv_entry                               0x000009d4   ARM Code       0  ddiv.o(x$fpl$ddiv)
    x$fpl$dfixu                              0x00000e90   Section      136  dfixu.o(x$fpl$dfixu)
    x$fpl$dflt                               0x00000f18   Section       88  dflt_noclz.o(x$fpl$dflt)
    x$fpl$dfltu                              0x00000f70   Section       12  dflt_noclz.o(x$fpl$dfltu)
    x$fpl$dunder                             0x00000f7c   Section      276  dunder.o(x$fpl$dunder)
    x$fpl$fpinit                             0x00001094   Section       24  fpinit.o(x$fpl$fpinit)
    x$fpl$retnan                             0x000010ac   Section      116  retnan.o(x$fpl$retnan)
    x$fpl$trapveneer                         0x00001120   Section       60  trapv.o(x$fpl$trapveneer)
    x$fpl$usenofp                            0x0000115c   Number         0  usenofp.o(x$fpl$usenofp)
    .data$0                                  0x40000000   Data           0  adc.o(.data)
    .data                                    0x40000000   Section       24  adc.o(.data)
    .bss                                     0x40000018   Section       96  libspace.o(.bss)
    Heap_Mem                                 0x40000078   Number         0  startup.o(HEAP)
    Stack_Mem                                0x40000078   Data        1160  startup.o(STACK)
    HEAP                                     0x40000078   Number         0  startup.o(HEAP)
    STACK                                    0x40000078   Section     1160  startup.o(STACK)
    Stack_Top                                0x40000500   Number         0  startup.o(STACK)

    Global Symbols

    Symbol Name                              Value     Ov Type        Size  Object(Section)

    BuildAttributes$$THUMB_ISAv1$ARM_ISAv4$M$PE$A:L22$X:L11$S22$IEEE1$IW$USESV6$~STKCKD$USESV7$~SHL$OSPACE$EBA8$REQ8$PRES8$EABIv2 0x00000000   Number         0  anon$$obj.o ABSOLUTE
    __ARM_use_no_argv                        0x00000000   Number         0  adc.o ABSOLUTE
    __use_stack_checking                     0x00000000   Number         0  stkovf.o ABSOLUTE
    __ARM_exceptions_init                     - Undefined Weak Reference
    __ARM_stackcheck                          - Undefined Weak Reference
    __Heap_DescSize                           - Undefined Weak Reference
    __alloca_initialize                       - Undefined Weak Reference
    __cpp_initialize__aeabi_                  - Undefined Weak Reference
    __cxa_finalize                            - Undefined Weak Reference
    __fpl_infinity                            - Undefined Weak Reference
    __rt_SIGABRT_inner                        - Undefined Weak Reference
    __rt_SIGCPPL_inner                        - Undefined Weak Reference
    __rt_SIGILL_inner                         - Undefined Weak Reference
    __rt_SIGINT_inner                         - Undefined Weak Reference
    __rt_SIGPVFN_inner                        - Undefined Weak Reference
    __rt_SIGRTRED_inner                       - Undefined Weak Reference
    __rt_SIGSEGV_inner                        - Undefined Weak Reference
    __rt_SIGTERM_inner                        - Undefined Weak Reference
    __rt_SIGUSR1_inner                        - Undefined Weak Reference
    __rt_SIGUSR2_inner                        - Undefined Weak Reference
    __rt_sigother_inner                       - Undefined Weak Reference
    __sigvec_lookup                           - Undefined Weak Reference
    __user_heap_extend                        - Undefined Weak Reference
    __user_stack_slop                         - Undefined Weak Reference
    _atexit_init                              - Undefined Weak Reference
    _call_atexit_fns                          - Undefined Weak Reference
    _clock_init                               - Undefined Weak Reference
    _fp_trap_init                             - Undefined Weak Reference
    _get_lc_collate                           - Undefined Weak Reference
    _get_lc_ctype                             - Undefined Weak Reference
    _get_lc_monetary                          - Undefined Weak Reference
    _get_lc_numeric                           - Undefined Weak Reference
    _get_lc_time                              - Undefined Weak Reference
    _getenv_init                              - Undefined Weak Reference
    _handle_redirection                       - Undefined Weak Reference
    _init_alloc                               - Undefined Weak Reference
    _init_user_alloc                          - Undefined Weak Reference
    _initio                                   - Undefined Weak Reference
    _rand_init                                - Undefined Weak Reference
    _signal_init                              - Undefined Weak Reference
    _terminate_user_alloc                     - Undefined Weak Reference
    _terminateio                              - Undefined Weak Reference
    Reset_Handler                            0x00000058   ARM Code       0  startup.o(RESET)
    __main                                   0x00000110   ARM Code       8  __main.o(!!!main)
    __scatterload                            0x00000118   ARM Code       0  __scatter.o(!!!scatter)
    __scatterload_rt2                        0x00000118   ARM Code      48  __scatter.o(!!!scatter)
    __scatterload_null                       0x0000012c   ARM Code       0  __scatter.o(!!!scatter)
    __scatterload_copy                       0x00000150   ARM Code      40  __scatter_copy.o(!!handler_copy)
    __scatterload_zeroinit                   0x00000178   ARM Code      44  __scatter_zi.o(!!handler_zi)
    Inline Thumb to ARM Veneer to __ARM_argv_veneer 0x000001a5   Thumb Code     0  lib_init.o(.emb_text)
    __ARM_argv_veneer                        0x000001a8   ARM Code      16  lib_init.o(.emb_text)
    __user_initial_stackheap                 0x000001b8   ARM Code       0  startup.o(.text)
    delay                                    0x000001d8   ARM Code      28  adc.o(.text)
    cmd                                      0x000001f4   ARM Code      76  adc.o(.text)
    ints                                     0x00000240   ARM Code      68  adc.o(.text)
    data                                     0x00000284   ARM Code      92  adc.o(.text)
    value                                    0x000002e0   ARM Code     220  adc.o(.text)
    sendstring                               0x000003bc   ARM Code      48  adc.o(.text)
    main                                     0x000003ec   ARM Code     328  adc.o(.text)
    __aeabi_idiv                             0x0000056c   ARM Code       0  aeabi_sdiv.o(.text)
    __aeabi_idiv_div0                        0x0000056c   ARM Code       0  aeabi_sdiv.o(.text)
    __aeabi_idivmod                          0x0000056c   ARM Code     364  aeabi_sdiv.o(.text)
    __aeabi_idivmod_div0                     0x0000056c   ARM Code       0  aeabi_sdiv.o(.text)
    __use_two_region_memory                  0x000006d8   ARM Code       4  stkheap2.o(.text)
    __rt_stackheap_init                      0x000006dc   ARM Code      60  stkheap2.o(.text)
    __rt_heap_extend                         0x00000718   ARM Code      24  stkheap2.o(.text)
    __rt_entry                               0x00000730   ARM Code      76  kernel.o(.text)
    __rt_exit                                0x0000077c   ARM Code      20  kernel.o(.text)
    __rt_abort                               0x00000790   ARM Code       8  kernel.o(.text)
    __user_setup_stackheap                   0x00000798   ARM Code      96  sys_stackheap_outer.o(.text)
    __aeabi_idiv0                            0x000007f8   ARM Code       4  aeabi_idiv0.o(.text)
    __rt_stackheap_storage                   0x000007fc   ARM Code      12  rt_stackheap_storage_intlibspace.o(.text)
    _sys_exit                                0x0000080c   ARM Code      20  sys_exit.o(.text)
    __user_libspace                          0x00000824   ARM Code       8  libspace.o(.text)
    __user_perproc_libspace                  0x00000824   ARM Code       0  libspace.o(.text)
    __user_perthread_libspace                0x00000824   ARM Code       0  libspace.o(.text)
    exit                                     0x00000831   Thumb Code    24  exit.o(.text)
    Inline ARM to Thumb Veneer to __rt_lib_init 0x00000848   ARM Code       0  lib_init.o(.text)
    __rt_lib_init                            0x00000851   Thumb Code   188  lib_init.o(.text)
    __rt_lib_shutdown                        0x0000090d   Thumb Code    26  lib_init.o(.text)
    _platform_pre_stackheap_init             0x00000928   ARM Code       4  boardinit1.o(.text)
    _platform_post_stackheap_init            0x0000092c   ARM Code      12  boardinit2.o(.text)
    _platform_post_lib_init                  0x00000938   ARM Code      16  boardinit3.o(.text)
    _platform_pre_lib_shutdown               0x00000948   ARM Code       4  boardshut.o(.text)
    __I_use_semihosting                      0x0000094c   ARM Code       0  use_no_semi.o(.text)
    __use_no_semihosting_swi                 0x0000094c   ARM Code       4  use_no_semi.o(.text)
    Inline Thumb to ARM Veneer to __rt_locale 0x00000951   Thumb Code     0  rt_locale_intlibspace.o(.text)
    __rt_locale                              0x00000954   ARM Code      12  rt_locale_intlibspace.o(.text)
    _cpu_pre_main                            0x00000964   ARM Code       4  cpuinit.o(.text)
    __ARM_get_argv                           0x00000969   Thumb Code     6  no_argv.o(.text)
    __rt_fp_status_addr                      0x00000970   ARM Code      12  rt_fp_status_addr_intlibspace.o(.text)
    __aeabi_uidiv                            0x00000980   ARM Code       0  aeabi_sdiv.o(.text_udiv)
    __aeabi_uidiv_div0                       0x00000980   ARM Code       0  aeabi_sdiv.o(.text_udiv)
    __aeabi_uidivmod                         0x00000980   ARM Code      28  aeabi_sdiv.o(.text_udiv)
    __aeabi_uidivmod_div0                    0x00000980   ARM Code       0  aeabi_sdiv.o(.text_udiv)
    Long ARM to Thumb Veneer to __rt_lib_shutdown 0x0000099c   ARM Code       0  anon$$obj.o(Veneer$$Code)
    Short Thumb to ARM Veneer to __rt_exit   0x000009a9   Thumb Code     0  anon$$obj.o(Veneer$$Code)
    __fpl_dcheck_NaN2                        0x000009b0   ARM Code      12  dcheck.o(x$fpl$dcheck)
    __fpl_dcheck_NaN1                        0x000009c0   ARM Code      12  dcheck1.o(x$fpl$dcheck1)
    __aeabi_ddiv                             0x000009d0   ARM Code       0  ddiv.o(x$fpl$ddiv)
    _ddiv                                    0x000009d0   ARM Code     464  ddiv.o(x$fpl$ddiv)
    __fpl_inf_ddiv                           0x00000b5c   ARM Code       0  ddiv.o(x$fpl$ddiv)
    _ddiv_mantissas                          0x00000ba0   ARM Code     608  ddiv.o(x$fpl$ddiv)
    __aeabi_d2uiz                            0x00000e90   ARM Code       0  dfixu.o(x$fpl$dfixu)
    _dfixu                                   0x00000e90   ARM Code     132  dfixu.o(x$fpl$dfixu)
    __fpl_inf_dfixu                          0x00000f0c   ARM Code       0  dfixu.o(x$fpl$dfixu)
    __aeabi_i2d                              0x00000f18   ARM Code       0  dflt_noclz.o(x$fpl$dflt)
    _dflt                                    0x00000f18   ARM Code      88  dflt_noclz.o(x$fpl$dflt)
    __dflt_normalise                         0x00000f28   ARM Code       0  dflt_noclz.o(x$fpl$dflt)
    __aeabi_ui2d                             0x00000f70   ARM Code       0  dflt_noclz.o(x$fpl$dfltu)
    _dfltu                                   0x00000f70   ARM Code      12  dflt_noclz.o(x$fpl$dfltu)
    __dunder                                 0x00000f7c   ARM Code     272  dunder.o(x$fpl$dunder)
    __dunder_d                               0x0000108c   ARM Code       4  dunder.o(x$fpl$dunder)
    Inline Thumb to ARM Veneer to _fp_init   0x00001091   Thumb Code     0  fpinit.o(x$fpl$fpinit)
    _fp_init                                 0x00001094   ARM Code      24  fpinit.o(x$fpl$fpinit)
    __fplib_config_pureend_doubles           0x000010a4   ARM Code       0  fpinit.o(x$fpl$fpinit)
    __fpl_return_NaN                         0x000010ac   ARM Code     116  retnan.o(x$fpl$retnan)
    __fpl_cmpreturn                          0x00001120   ARM Code      60  trapv.o(x$fpl$trapveneer)
    Region$$Table$$Base                      0x0000115c   Number         0  anon$$obj.o(Region$$Table)
    __I_use_fp                               0x0000115c   Number         0  usenofp.o(x$fpl$usenofp)
    Region$$Table$$Limit                     0x0000117c   Number         0  anon$$obj.o(Region$$Table)
    t                                        0x40000000   Data           4  adc.o(.data)
    c                                        0x40000004   Data           4  adc.o(.data)
    p                                        0x40000008   Data           4  adc.o(.data)
    a                                        0x4000000c   Data           4  adc.o(.data)
    b                                        0x40000010   Data           4  adc.o(.data)
    i                                        0x40000014   Data           4  adc.o(.data)
    __libspace_start                         0x40000018   Data          96  libspace.o(.bss)


================================================================================

Memory Map of the image

  Image Entry point : 0x00000110

  Load Region LR_IROM1 (Base: 0x00000000, Size: 0x00001194, Max: 0x00040000, ABSOLUTE)

    Execution Region ER_IROM1 (Base: 0x00000000, Size: 0x0000117c, Max: 0xffffffff, ABSOLUTE)

    Base Addr    Size         Type   Attr      Idx    E Section Name        Object

    0x00000000   0x00000110   Code   RO            3    RESET               startup.o
    0x00000110   0x00000008   Code   RO           48  * !!!main             __main.o(c_t__un.l)
    0x00000118   0x00000038   Code   RO          194    !!!scatter          __scatter.o(c_t__un.l)
    0x00000150   0x00000028   Code   RO          196    !!handler_copy      __scatter_copy.o(c_t__un.l)
    0x00000178   0x0000002c   Code   RO          198    !!handler_zi        __scatter_zi.o(c_t__un.l)
    0x000001a4   0x00000004   Ven    RO          106    .emb_text           lib_init.o(c_t__un.l)
    0x000001a8   0x00000010   Code   RO          106    .emb_text           lib_init.o(c_t__un.l)
    0x000001b8   0x00000020   Code   RO            4    .text               startup.o
    0x000001d8   0x00000394   Code   RO           11    .text               adc.o
    0x0000056c   0x0000016c   Code   RO           38    .text               aeabi_sdiv.o(c_t__un.l)
    0x000006d8   0x00000058   Code   RO           46    .text               stkheap2.o(c_t__un.l)
    0x00000730   0x00000068   Code   RO           62    .text               kernel.o(c_t__un.l)
    0x00000798   0x00000060   Code   RO           65    .text               sys_stackheap_outer.o(c_t__un.l)
    0x000007f8   0x00000004   Code   RO           67    .text               aeabi_idiv0.o(c_t__un.l)
    0x000007fc   0x00000010   Code   RO           74    .text               rt_stackheap_storage_intlibspace.o(c_t__un.l)
    0x0000080c   0x00000018   Code   RO           87    .text               sys_exit.o(c_t__un.l)
    0x00000824   0x0000000c   Code   RO           89    .text               libspace.o(c_t__un.l)
    0x00000830   0x00000018   Code   RO           94    .text               exit.o(c_t__un.l)
    0x00000848   0x00000008   Ven    RO          107    .text               lib_init.o(c_t__un.l)
    0x00000850   0x000000d6   Code   RO          107    .text               lib_init.o(c_t__un.l)
    0x00000926   0x00000002   PAD
    0x00000928   0x00000004   Code   RO          110    .text               boardinit1.o(c_t__un.l)
    0x0000092c   0x0000000c   Code   RO          112    .text               boardinit2.o(c_t__un.l)
    0x00000938   0x00000010   Code   RO          114    .text               boardinit3.o(c_t__un.l)
    0x00000948   0x00000004   Code   RO          116    .text               boardshut.o(c_t__un.l)
    0x0000094c   0x00000004   Code   RO          120    .text               use_no_semi.o(c_t__un.l)
    0x00000950   0x00000004   Ven    RO          127    .text               rt_locale_intlibspace.o(c_t__un.l)
    0x00000954   0x00000010   Code   RO          127    .text               rt_locale_intlibspace.o(c_t__un.l)
    0x00000964   0x00000004   Code   RO          143    .text               cpuinit.o(c_t__un.l)
    0x00000968   0x00000006   Code   RO          145    .text               no_argv.o(c_t__un.l)
    0x0000096e   0x00000002   PAD
    0x00000970   0x00000010   Code   RO          158    .text               rt_fp_status_addr_intlibspace.o(c_t__un.l)
    0x00000980   0x0000001c   Code   RO           39    .text_udiv          aeabi_sdiv.o(c_t__un.l)
    0x0000099c   0x0000000c   Ven    RO          201    Veneer$$Code        anon$$obj.o
    0x000009a8   0x00000008   Ven    RO          202    Veneer$$Code        anon$$obj.o
    0x000009b0   0x00000010   Code   RO           81    x$fpl$dcheck        dcheck.o(fz_t_p.l)
    0x000009c0   0x00000010   Code   RO           83    x$fpl$dcheck1       dcheck1.o(fz_t_p.l)
    0x000009d0   0x000004c0   Code   RO           51    x$fpl$ddiv          ddiv.o(fz_t_p.l)
    0x00000e90   0x00000088   Code   RO           54    x$fpl$dfixu         dfixu.o(fz_t_p.l)
    0x00000f18   0x00000058   Code   RO           59    x$fpl$dflt          dflt_noclz.o(fz_t_p.l)
    0x00000f70   0x0000000c   Code   RO           58    x$fpl$dfltu         dflt_noclz.o(fz_t_p.l)
    0x00000f7c   0x00000114   Code   RO           85    x$fpl$dunder        dunder.o(fz_t_p.l)
    0x00001090   0x00000004   Ven    RO          149    x$fpl$fpinit        fpinit.o(fz_t_p.l)
    0x00001094   0x00000018   Code   RO          149    x$fpl$fpinit        fpinit.o(fz_t_p.l)
    0x000010ac   0x00000074   Code   RO          118    x$fpl$retnan        retnan.o(fz_t_p.l)
    0x00001120   0x0000003c   Code   RO          147    x$fpl$trapveneer    trapv.o(fz_t_p.l)
    0x0000115c   0x00000000   Code   RO           80    x$fpl$usenofp       usenofp.o(fz_t_p.l)
    0x0000115c   0x00000020   Data   RO          193    Region$$Table       anon$$obj.o


    Execution Region RW_IRAM1 (Base: 0x40000000, Size: 0x00000500, Max: 0x00004000, ABSOLUTE)

    Base Addr    Size         Type   Attr      Idx    E Section Name        Object

    0x40000000   0x00000018   Data   RW           12    .data               adc.o
    0x40000018   0x00000060   Zero   RW           90    .bss                libspace.o(c_t__un.l)
    0x40000078   0x00000000   Zero   RW            2    HEAP                startup.o
    0x40000078   0x00000488   Zero   RW            1    STACK               startup.o


================================================================================

Image component sizes


      Code (inc. data)   RO Data    RW Data    ZI Data      Debug   Object Name

       916         56          0         24          0       4788   adc.o
       304         60          0          0       1160        440   startup.o

    ------------------------------------------------------------------------
      1240        120         32         24       1160       5228   Object Totals
        20          4         32          0          0          0   (incl. Generated)
         0          0          0          0          0          0   (incl. Padding)

    ------------------------------------------------------------------------

      Code (inc. data)   RO Data    RW Data    ZI Data      Debug   Library Member Name

         8          0          0          0          0          0   __main.o
        56          8          0          0          0          0   __scatter.o
        40          0          0          0          0          0   __scatter_copy.o
        44          0          0          0          0          0   __scatter_zi.o
         4          0          0          0          0          0   aeabi_idiv0.o
       392          0          0          0          0          0   aeabi_sdiv.o
         4          0          0          0          0          0   boardinit1.o
        12          0          0          0          0          0   boardinit2.o
        16          0          0          0          0          0   boardinit3.o
         4          0          0          0          0          0   boardshut.o
         4          0          0          0          0          0   cpuinit.o
        16          4          0          0          0          0   dcheck.o
        16          4          0          0          0          0   dcheck1.o
      1216        144          0          0          0          0   ddiv.o
       136          4          0          0          0          0   dfixu.o
       100          0          0          0          0          0   dflt_noclz.o
       276          0          0          0          0          0   dunder.o
        24          0          0          0          0          0   exit.o
        28          0          0          0          0          0   fpinit.o
       104          4          0          0          0          0   kernel.o
       242          4          0          0          0          0   lib_init.o
        12          4          0          0         96          0   libspace.o
         6          0          0          0          0          0   no_argv.o
       116          0          0          0          0          0   retnan.o
        16          4          0          0          0          0   rt_fp_status_addr_intlibspace.o
        20          4          0          0          0          0   rt_locale_intlibspace.o
        16          4          0          0          0          0   rt_stackheap_storage_intlibspace.o
        88          0          0          0          0          0   stkheap2.o
        24          8          0          0          0          0   sys_exit.o
        96          0          0          0          0          0   sys_stackheap_outer.o
        60          0          0          0          0          0   trapv.o
         4          0          0          0          0          0   use_no_semi.o
         0          0          0          0          0          0   usenofp.o

    ------------------------------------------------------------------------
      3204        196          0          0         96          0   Library Totals
         4          0          0          0          0          0   (incl. Padding)

    ------------------------------------------------------------------------

      Code (inc. data)   RO Data    RW Data    ZI Data      Debug   Library Name

      1236         40          0          0         96          0   c_t__un.l
      1964        156          0          0          0          0   fz_t_p.l

    ------------------------------------------------------------------------
      3204        196          0          0         96          0   Library Totals

    ------------------------------------------------------------------------

================================================================================


      Code (inc. data)   RO Data    RW Data    ZI Data      Debug   

      4444        316         32         24       1256       5228   Grand Totals
      4444        316         32         24       1256       5228   Image Totals

================================================================================

    Total RO  Size (Code + RO Data)                 4476 (   4.37kB)
    Total RW  Size (RW Data + ZI Data)              1280 (   1.25kB)
    Total ROM Size (Code + RO Data + RW Data)       4500 (   4.39kB)

================================================================================

